// Vitest Snapshot v1, https://vitest.dev/guide/snapshot.html

exports[`App > snapshot 1`] = `[Function]`;
